// Jest Snapshot v1, https://goo.gl/fbAQLP

exports[`Testing List Page Should render properly 1`] = `
<RCTSafeAreaView
  style={
    {
      "alignItems": "center",
      "flex": 1,
      "justifyContent": "center",
    }
  }
>
  <ActivityIndicator
    color="blue"
    size="large"
  />
  <Text>
    Loading...
  </Text>
</RCTSafeAreaView>
`;
